
> build
> vinxi build

[2m[34mvinxi[39m[22m [2m[33mv0.5.3[39m[22m


ΓÜÖ  [32mBuilding your app...[39m
removing C:/Users/Noah K/Downloads/Project 2 (1)/.vinxi/build/trpc
removing C:/Users/Noah K/Downloads/Project 2 (1)/.vinxi/build/debug
removing C:/Users/Noah K/Downloads/Project 2 (1)/.vinxi/build/client
[2m[34mvinxi[39m[22m [2m[33mv0.5.3[39m[22m


ΓÜÖ [32mBuilding your router trpc...[39m


[32m≡ƒôª Compiling trpc router...[39m
[2m[34mvinxi[39m[22m building router trpc in http mode
[36mvite v6.3.4 [32mbuilding SSR bundle for production...[36m[39m
transforming...
[32mΓ£ô[39m 22 modules transformed.
rendering chunks...
[2m.vinxi/build/trpc/api/trpc/[22m[32m.vite/manifest.json  [39m[1m[2m 0.15 kB[22m[1m[22m
[2m.vinxi/build/trpc/api/trpc/[22m[36mtrpc.js              [39m[1m[2m61.82 kB[22m[1m[22m
[32mΓ£ô built in 867ms[39m
[32mΓ£ö[39m build done
ΓÜÖ [32mBuilt your router trpc successfully[39m
[2m[34mvinxi[39m[22m [2m[33mv0.5.3[39m[22m


ΓÜÖ [32mBuilding your router debug...[39m


[32m≡ƒôª Compiling debug router...[39m
[2m[34mvinxi[39m[22m building router debug in http mode
[36mvite v6.3.4 [32mbuilding SSR bundle for production...[36m[39m
transforming...
[32mΓ£ô[39m 2 modules transformed.
rendering chunks...
[2m.vinxi/build/debug/api/debug/client-logs/[22m[32m.vite/manifest.json  [39m[1m[2m0.15 kB[22m[1m[22m
[2m.vinxi/build/debug/api/debug/client-logs/[22m[36mdebug.js             [39m[1m[2m1.19 kB[22m[1m[22m
[32mΓ£ô built in 528ms[39m
[32mΓ£ö[39m build done
ΓÜÖ [32mBuilt your router debug successfully[39m
[2m[34mvinxi[39m[22m [2m[33mv0.5.3[39m[22m


ΓÜÖ [32mBuilding your router client...[39m


[32m≡ƒôª Compiling client router...[39m
[2m[34mvinxi[39m[22m building router client in spa mode

ΓÖ╗∩╕Å  Generating routes...
Γ£à Processed routes in 197ms
[36mvite v6.3.4 [32mbuilding for production...[36m[39m
transforming...
node.exe : 
Browserslist: 
browsers data 
(caniuse-lite) is 9 
months old. Please 
run:
At line:1 char:1
+ & "C:\Program Files
\nodejs/node.exe" 
"C:\Program 
Files\nodejs/node_mo 
...
+ ~~~~~~~~~~~~~~~~~~~
~~~~~~~~~~~~~~~~~~~~~
~~~~~~~~~~~~~~~~~~~~~
~~~~~~~~
    + CategoryInfo   
           : NotSpe  
  cified: (Browser   
 slist: b...ld. P    
lease run::Strin    
g) [], RemoteExc    
eption
    + FullyQualified 
   ErrorId : Native  
  CommandError
 
  npx update-browsers
list-db@latest
  Why you should do 
it regularly: https:/
/github.com/browsersl
ist/update-db#readme
[32mΓ£ô[39m 2351 modules transformed.
rendering chunks...
computing gzip size...
[2m.vinxi/build/client/[22m[32mmanifest.js                          [39m[1m[2m  0.02 kB[22m[1m[22m
[2m.vinxi/build/client/[22m[32mindex.html                           [39m[1m[2m  0.43 kB[22m[1m[22m[2m Γöé gzip:   0.27 kB[22m
[2m.vinxi/build/client/[22m[32m.vite/manifest.json                  [39m[1m[2m  9.25 kB[22m[1m[22m[2m Γöé gzip:   1.23 kB[22m
[2m.vinxi/build/client/[22m[35massets/DatePicker-B5U4kmJ6.css       [39m[1m[2m 22.68 kB[22m[1m[22m[2m Γöé gzip:   3.19 kB[22m
[2m.vinxi/build/client/[22m[35massets/index-APQ4lec2.css            [39m[1m[2m 72.17 kB[22m[1m[22m[2m Γöé gzip:  11.10 kB[22m
[2m.vinxi/build/client/[22m[36massets/utils-km2FGkQ4.js             [39m[1m[2m  0.09 kB[22m[1m[22m[2m Γöé gzip:   0.10 kB[22m
[2m.vinxi/build/client/[22m[36massets/index-CarzLK-f.js             [39m[1m[2m  0.19 kB[22m[1m[22m[2m Γöé gzip:   0.17 kB[22m
[2m.vinxi/build/client/[22m[36massets/arrow-right-R5khU71B.js       [39m[1m[2m  0.34 kB[22m[1m[22m[2m Γöé gzip:   0.26 kB[22m
[2m.vinxi/build/client/[22m[36massets/circle-check-big-BW-1c-x1.js  [39m[1m[2m  0.36 kB[22m[1m[22m[2m Γöé gzip:   0.28 kB[22m
[2m.vinxi/build/client/[22m[36massets/calendar-BXOiTBlW.js          [39m[1m[2m  0.43 kB[22m[1m[22m[2m Γöé gzip:   0.31 kB[22m
[2m.vinxi/build/client/[22m[36massets/send-uR96cuY1.js              [39m[1m[2m  0.46 kB[22m[1m[22m[2m Γöé gzip:   0.34 kB[22m
[2m.vinxi/build/client/[22m[36massets/users-DOwWKSz1.js             [39m[1m[2m  0.48 kB[22m[1m[22m[2m Γöé gzip:   0.33 kB[22m
[2m.vinxi/build/client/[22m[36massets/layout-grid-S0_o1J__.js       [39m[1m[2m  0.52 kB[22m[1m[22m[2m Γöé gzip:   0.30 kB[22m
[2m.vinxi/build/client/[22m[36massets/message-square-Br4NDS6b.js    [39m[1m[2m  0.70 kB[22m[1m[22m[2m Γöé gzip:   0.37 kB[22m
[2m.vinxi/build/client/[22m[36massets/file-text-BNy-rHf4.js         [39m[1m[2m  0.90 kB[22m[1m[22m[2m Γöé gzip:   0.44 kB[22m
[2m.vinxi/build/client/[22m[36massets/wrench-BzQsepn9.js            [39m[1m[2m  2.15 kB[22m[1m[22m[2m Γöé gzip:   0.67 kB[22m
[2m.vinxi/build/client/[22m[36massets/zap-BgIw4VCp.js               [39m[1m[2m  2.29 kB[22m[1m[22m[2m Γöé gzip:   0.77 kB[22m
[2m.vinxi/build/client/[22m[36massets/useAuthStore-D9zTGC73.js      [39m[1m[2m  2.89 kB[22m[1m[22m[2m Γöé gzip:   1.39 kB[22m
[2m.vinxi/build/client/[22m[36massets/index-CcBzt6eQ.js             [39m[1m[2m  3.10 kB[22m[1m[22m[2m Γöé gzip:   1.10 kB[22m
[2m.vinxi/build/client/[22m[36massets/index-BHJ0rfzx.js             [39m[1m[2m  3.16 kB[22m[1m[22m[2m Γöé gzip:   1.13 kB[22m
[2m.vinxi/build/client/[22m[36massets/index-ByV6GtPP.js             [39m[1m[2m  3.72 kB[22m[1m[22m[2m Γöé gzip:   1.30 kB[22m
[2m.vinxi/build/client/[22m[36massets/login-BlWxxx50.js             [39m[1m[2m  4.13 kB[22m[1m[22m[2m Γöé gzip:   1.70 kB[22m
[2m.vinxi/build/client/[22m[36massets/FAQSection-CCQCfExd.js        [39m[1m[2m  4.32 kB[22m[1m[22m[2m Γöé gzip:   1.80 kB[22m
[2m.vinxi/build/client/[22m[36massets/index-PW0QpcRA.js             [39m[1m[2m  4.39 kB[22m[1m[22m[2m Γöé gzip:   1.48 kB[22m
[2m.vinxi/build/client/[22m[36massets/zod-Cnfi9Zz2.js               [39m[1m[2m  4.90 kB[22m[1m[22m[2m Γöé gzip:   1.78 kB[22m
[2m.vinxi/build/client/[22m[36massets/route-D8HeFz3k.js             [39m[1m[2m  5.38 kB[22m[1m[22m[2m Γöé gzip:   1.62 kB[22m
[2m.vinxi/build/client/[22m[36massets/index-CVKIz3In.js             [39m[1m[2m  7.63 kB[22m[1m[22m[2m Γöé gzip:   2.57 kB[22m
[2m.vinxi/build/client/[22m[36massets/useQuery-CQyY-Cbg.js          [39m[1m[2m  8.60 kB[22m[1m[22m[2m Γöé gzip:   3.12 kB[22m
[2m.vinxi/build/client/[22m[36massets/index-CVgDmH8b.js             [39m[1m[2m 20.76 kB[22m[1m[22m[2m Γöé gzip:   4.17 kB[22m
[2m.vinxi/build/client/[22m[36massets/index-CfIA0FO3.js             [39m[1m[2m 21.67 kB[22m[1m[22m[2m Γöé gzip:   4.82 kB[22m
[2m.vinxi/build/client/[22m[36massets/index.esm-D5eP4S7S.js         [39m[1m[2m 27.23 kB[22m[1m[22m[2m Γöé gzip:  10.15 kB[22m
[2m.vinxi/build/client/[22m[36massets/KanbanBoard-8qyhJcyr.js       [39m[1m[2m 59.84 kB[22m[1m[22m[2m Γöé gzip:  19.73 kB[22m
[2m.vinxi/build/client/[22m[36massets/index-EkxM396z.js             [39m[1m[2m 72.03 kB[22m[1m[22m[2m Γöé gzip:  12.57 kB[22m
[2m.vinxi/build/client/[22m[36massets/index-Z4RvsFJ1.js             [39m[1m[2m 81.22 kB[22m[1m[22m[2m Γöé gzip:  11.41 kB[22m
[2m.vinxi/build/client/[22m[36massets/DatePicker-2xdmDGA4.js        [39m[1m[2m184.34 kB[22m[1m[22m[2m Γöé gzip:  48.49 kB[22m
[2m.vinxi/build/client/[22m[36massets/index-pV9marpW.js             [39m[1m[2m440.25 kB[22m[1m[22m[2m Γöé gzip: 135.47 kB[22m
[32mΓ£ô built in 9.47s[39m
[32mΓ£ö[39m build done
ΓÜÖ [32mBuilt your router client successfully[39m


ΓÜÖ  [32mPreparing app for node-server...[39m
[90m[[90mvinxi[90m][39m [32mΓ£ö[39m Generated public [36m.output/public[39m
[90m[[90mvinxi[90m][39m [36mΓä╣[39m Building Nitro Server (preset: [36mnode-server[39m, compatibility date: [36m2024-11-25[39m)
(node:3652) 
[DEP0155] 
DeprecationWarning: 
Use of deprecated 
trailing slash 
pattern mapping "./" 
in the "exports" 
field module 
resolution of the 
package at 
C:\Users\Noah 
K\Downloads\Project 
2 (1)\node_modules\@p
risma\client\package.
json imported from 
C:\Users\Noah 
K\Downloads\Project 
2 (1)\.vinxi\build\tr
pc\api\trpc\trpc.js. 
Mapping specifiers 
ending in "/" is no 
longer supported.
(Use `node 
--trace-deprecation 
...` to show where 
the warning was 
created)

[90m[[90mvinxi[90m
][39m [41m[30m 
ERROR [39m[49m 
TypeError [ERR_INVALI
D_MODULE_SPECIFIER]: 
Invalid module 
".prisma" is not a 
valid package name 
imported from 
C:\Users\Noah 
K\Downloads\Project 
2 (1)\node_modules\.p
npm\@prisma+client@6.
8.2_prisma_7e2a114e2f
26b0ec3a8a17c8908ac35
5\node_modules\@prism
a\client\default.js


undefined


[41m[30m ERROR 
[39m[49m Invalid 
module ".prisma" is 
not a valid package 
name imported from 
C:\Users\Noah 
K\Downloads\Project 
2 (1)\node_modules\.p
npm\@prisma+client@6.
8.2_prisma_7e2a114e2f
26b0ec3a8a17c8908ac35
5\node_modules\@prism
a\client\default.js

    [90mat [39m__no
de_internal_ ([36m/C
:/Users/Noah%20K/Down
loads/Project%202%20(
1)/node_modules/.pnpm
/exsolve@1.0.5/node_m
odules/exsolve/dist/i
ndex.mjs:159:9[39m)
    [90mat [39mnew 
NodeError ([36m/C:/U
sers/Noah%20K/Downloa
ds/Project%202%20(1)/
node_modules/.pnpm/ex
solve@1.0.5/node_modu
les/exsolve/dist/inde
x.mjs:130:5[39m)
    [90mat [39mpars
ePackageName ([36m/C
:/Users/Noah%20K/Down
loads/Project%202%20(
1)/node_modules/.pnpm
/exsolve@1.0.5/node_m
odules/exsolve/dist/i
ndex.mjs:1097:11[39m
)
    [90mat 
[39mpackageResolve (
[36m/C:/Users/Noah%2
0K/Downloads/Project%
202%20(1)/node_module
s/.pnpm/exsolve@1.0.5
/node_modules/exsolve
/dist/index.mjs:1110:
53[39m)
    [90mat 
[39mmoduleResolve (
[36m/C:/Users/Noah%20
K/Downloads/Project%2
02%20(1)/node_modules
/.pnpm/exsolve@1.0.5/
node_modules/exsolve/
dist/index.mjs:1196:1
8[39m)
    [90mat [39m_try
ModuleResolve ([36m/
C:/Users/Noah%20K/Dow
nloads/Project%202%20
(1)/node_modules/.pnp
m/exsolve@1.0.5/node_
modules/exsolve/dist/
index.mjs:1347:12[39
m)
    [90mat [39mreso
lveModuleURL ([36m/C
:/Users/Noah%20K/Down
loads/Project%202%20(
1)/node_modules/.pnpm
/exsolve@1.0.5/node_m
odules/exsolve/dist/i
ndex.mjs:1275:20[39m
)
    [90mat 
[39mtryResolve ([36
m/C:/Users/Noah%20K/D
ownloads/Project%202%
20(1)/node_modules/.p
npm/nitropack@2.11.11
_xml2js@0.6.2/node_mo
dules/nitropack/dist/
rollup/index.mjs:345:
17[39m)
    [90mat [39mObje
ct.resolveId ([36m/C
:/Users/Noah%20K/Down
loads/Project%202%20(
1)/node_modules/.pnpm
/nitropack@2.11.11_xm
l2js@0.6.2/node_modul
es/nitropack/dist/rol
lup/index.mjs:413:30
[39m)
    [90mat 
[39masync PluginDriv
er.hookFirstAndGetPlu
gin ([36m/C:/Users/N
oah%20K/Downloads/Pro
ject%202%20(1)/node_m
odules/.pnpm/rollup@4
.40.1/node_modules/ro
llup/dist/es/shared/n
ode-entry.js:22075:28
[39m)
    [90mat 
[39masync resolveId 
([36m/C:/Users/Noah%
20K/Downloads/Project
%202%20(1)/node_modul
es/.pnpm/rollup@4.40.
1/node_modules/rollup
/dist/es/shared/node-
entry.js:20557:26[39
m)
    [90mat 
[39masync ModuleLoad
er.resolveId ([36m/C
:/Users/Noah%20K/Down
loads/Project%202%20(
1)/node_modules/.pnpm
/rollup@4.40.1/node_m
odules/rollup/dist/es
/shared/node-entry.js
:20993:15[39m)
    [90mat 
[39masync 
Object.handler ([36m
/C:/Users/Noah%20K/Do
wnloads/Project%202%2
0(1)/node_modules/.pn
pm/@rollup+plugin-nod
e-resolve@16.0.1_roll
up@4.40.1/node_module
s/@rollup/plugin-node
-resolve/dist/es/inde
x.js:1333:36[39m)
    [90mat 
[39masync PluginDriv
er.hookFirstAndGetPlu
gin ([36m/C:/Users/N
oah%20K/Downloads/Pro
ject%202%20(1)/node_m
odules/.pnpm/rollup@4
.40.1/node_modules/ro
llup/dist/es/shared/n
ode-entry.js:22075:28
[39m)
    [90mat 
[39masync resolveId 
([36m/C:/Users/Noah%
20K/Downloads/Project
%202%20(1)/node_modul
es/.pnpm/rollup@4.40.
1/node_modules/rollup
/dist/es/shared/node-
entry.js:20557:26[39
m)
    [90mat 
[39masync ModuleLoad
er.resolveId ([36m/C
:/Users/Noah%20K/Down
loads/Project%202%20(
1)/node_modules/.pnpm
/rollup@4.40.1/node_m
odules/rollup/dist/es
/shared/node-entry.js
:20993:15[39m)
    [90mat 
[39masync /C:/Users/
Noah%20K/Downloads/Pr
oject%202%20([36m1[
39m)/node_modules/.pn
pm/@rollup+plugin-com
monjs@28.0.3_rollup@4
.40.1/node_modules/@r
ollup/plugin-commonjs
/dist/es/index.js:797
:16
    [90mat 
[39masync 
Promise.all 
([36mindex 0[39m)
    [90mat 
[39masync /C:/Users/
Noah%20K/Downloads/Pr
oject%202%20([36m1[
39m)/node_modules/.pn
pm/@rollup+plugin-com
monjs@28.0.3_rollup@4
.40.1/node_modules/@r
ollup/plugin-commonjs
/dist/es/index.js:789
:32
    [90mat 
[39masync rewriteReq
uireExpressionsAndGet
ImportBlock ([36m/C:
/Users/Noah%20K/Downl
oads/Project%202%20(1
)/node_modules/.pnpm/
@rollup+plugin-common
js@28.0.3_rollup@4.40
.1/node_modules/@roll
up/plugin-commonjs/di
st/es/index.js:1367:2
8[39m)
    [90mat 
[39masync 
transformCommonjs ([
36m/C:/Users/Noah%20K
/Downloads/Project%20
2%20(1)/node_modules/
.pnpm/@rollup+plugin-
commonjs@28.0.3_rollu
p@4.40.1/node_modules
/@rollup/plugin-commo
njs/dist/es/index.js:
1956:23[39m)
    [90mat 
[39masync transform 
([36m/C:/Users/Noah%
20K/Downloads/Project
%202%20(1)/node_modul
es/.pnpm/rollup@4.40.
1/node_modules/rollup
/dist/es/shared/node-
entry.js:20911:16[39
m)
    [90mat 
[39masync ModuleLoad
er.addModuleSource (
[36m/C:/Users/Noah%20
K/Downloads/Project%2
02%20(1)/node_modules
/.pnpm/rollup@4.40.1/
node_modules/rollup/d
ist/es/shared/node-en
try.js:21124:36[39m)
 



[41m[30m ERROR 
[39m[49m Invalid 
module ".prisma" is 
not a valid package 
name imported from 
C:\Users\Noah 
K\Downloads\Project 
2 (1)\node_modules\.p
npm\@prisma+client@6.
8.2_prisma_7e2a114e2f
26b0ec3a8a17c8908ac35
5\node_modules\@prism
a\client\default.js

